// Jest Snapshot v1, https://goo.gl/fbAQLP

exports[`<Main /> it renders the heading correctly 1`] = `
<main
  class="flex justify-center items-center h-screen bg-blue-400"
>
  <h1>
    React avan√ßado
  </h1>
</main>
`
